// Jest Snapshot v1, https://goo.gl/fbAQLP

exports[`<PageHeader /> shallow matches the snapshot 1`] = `
.c2 {
  font-family: 'Poppins',sans-serif;
  font-weight: 400;
  font-size: 1.75rem;
  color: #001529;
}

.c0 {
  -webkit-align-items: flex-end;
  -webkit-box-align: flex-end;
  -ms-flex-align: flex-end;
  align-items: flex-end;
  background: #FFFFFF;
  border-bottom: 1px solid #E8E8E8;
  display: -webkit-box;
  display: -webkit-flex;
  display: -ms-flexbox;
  display: flex;
  padding: 1rem 2rem 1rem;
  width: 100%;
}

.c1 {
  -webkit-flex: 1;
  -ms-flex: 1;
  flex: 1;
}

.c3 {
  display: -webkit-box;
  display: -webkit-flex;
  display: -ms-flexbox;
  display: flex;
  -webkit-box-pack: end;
  -webkit-justify-content: flex-end;
  -ms-flex-pack: end;
  justify-content: flex-end;
  -webkit-flex: 1;
  -ms-flex: 1;
  flex: 1;
}

<div>
  <div
    class="c0"
  >
    <div
      class="c1"
      data-testid="header-section"
    >
      <h1
        class="c2"
      >
        Hello World
      </h1>
    </div>
    <div
      class="c3"
      data-testid="header-section"
    />
  </div>
</div>
`;
